------------------------------------------------------------
TimeQuest Timing Analyzer Summary
------------------------------------------------------------

Type  : Slow 1200mV 85C Model Setup 'camera_clock~_Duplicate_2'
Slack : -3.531
TNS   : -105.259

Type  : Slow 1200mV 85C Model Setup 'GPIO[11]'
Slack : -2.565
TNS   : -52.365

Type  : Slow 1200mV 85C Model Setup 'GPIO[8]'
Slack : -2.037
TNS   : -35.980

Type  : Slow 1200mV 85C Model Setup 'camstatemachine:camstatemachine_instance|current_state.copy1'
Slack : -1.804
TNS   : -12.332

Type  : Slow 1200mV 85C Model Setup 'GPIO[9]'
Slack : -1.255
TNS   : -16.503

Type  : Slow 1200mV 85C Model Setup 'CLOCK_50'
Slack : -1.055
TNS   : -6.088

Type  : Slow 1200mV 85C Model Hold 'CLOCK_50'
Slack : -0.465
TNS   : -0.821

Type  : Slow 1200mV 85C Model Hold 'camstatemachine:camstatemachine_instance|current_state.copy1'
Slack : 0.168
TNS   : 0.000

Type  : Slow 1200mV 85C Model Hold 'camera_clock~_Duplicate_2'
Slack : 0.444
TNS   : 0.000

Type  : Slow 1200mV 85C Model Hold 'GPIO[11]'
Slack : 0.485
TNS   : 0.000

Type  : Slow 1200mV 85C Model Hold 'GPIO[8]'
Slack : 0.497
TNS   : 0.000

Type  : Slow 1200mV 85C Model Hold 'GPIO[9]'
Slack : 1.161
TNS   : 0.000

Type  : Slow 1200mV 85C Model Recovery 'GPIO[11]'
Slack : -0.227
TNS   : -2.582

Type  : Slow 1200mV 85C Model Recovery 'GPIO[8]'
Slack : -0.043
TNS   : -0.688

Type  : Slow 1200mV 85C Model Removal 'GPIO[11]'
Slack : -0.054
TNS   : -0.054

Type  : Slow 1200mV 85C Model Removal 'GPIO[8]'
Slack : 0.106
TNS   : 0.000

Type  : Slow 1200mV 85C Model Minimum Pulse Width 'GPIO[8]'
Slack : -3.481
TNS   : -51.065

Type  : Slow 1200mV 85C Model Minimum Pulse Width 'GPIO[11]'
Slack : -3.481
TNS   : -46.604

Type  : Slow 1200mV 85C Model Minimum Pulse Width 'GPIO[9]'
Slack : -3.481
TNS   : -27.273

Type  : Slow 1200mV 85C Model Minimum Pulse Width 'CLOCK_50'
Slack : -3.000
TNS   : -16.383

Type  : Slow 1200mV 85C Model Minimum Pulse Width 'camera_clock~_Duplicate_2'
Slack : -1.487
TNS   : -66.915

Type  : Slow 1200mV 85C Model Minimum Pulse Width 'camstatemachine:camstatemachine_instance|current_state.copy1'
Slack : 0.422
TNS   : 0.000

Type  : Slow 1200mV 0C Model Setup 'camera_clock~_Duplicate_2'
Slack : -3.200
TNS   : -95.690

Type  : Slow 1200mV 0C Model Setup 'GPIO[11]'
Slack : -2.232
TNS   : -46.498

Type  : Slow 1200mV 0C Model Setup 'camstatemachine:camstatemachine_instance|current_state.copy1'
Slack : -1.899
TNS   : -13.166

Type  : Slow 1200mV 0C Model Setup 'GPIO[8]'
Slack : -1.749
TNS   : -32.542

Type  : Slow 1200mV 0C Model Setup 'GPIO[9]'
Slack : -1.079
TNS   : -13.585

Type  : Slow 1200mV 0C Model Setup 'CLOCK_50'
Slack : -0.892
TNS   : -5.101

Type  : Slow 1200mV 0C Model Hold 'CLOCK_50'
Slack : -0.333
TNS   : -0.475

Type  : Slow 1200mV 0C Model Hold 'camstatemachine:camstatemachine_instance|current_state.copy1'
Slack : 0.350
TNS   : 0.000

Type  : Slow 1200mV 0C Model Hold 'camera_clock~_Duplicate_2'
Slack : 0.395
TNS   : 0.000

Type  : Slow 1200mV 0C Model Hold 'GPIO[11]'
Slack : 0.430
TNS   : 0.000

Type  : Slow 1200mV 0C Model Hold 'GPIO[8]'
Slack : 0.447
TNS   : 0.000

Type  : Slow 1200mV 0C Model Hold 'GPIO[9]'
Slack : 1.001
TNS   : 0.000

Type  : Slow 1200mV 0C Model Recovery 'GPIO[8]'
Slack : -0.089
TNS   : -1.424

Type  : Slow 1200mV 0C Model Recovery 'GPIO[11]'
Slack : -0.043
TNS   : -0.043

Type  : Slow 1200mV 0C Model Removal 'GPIO[11]'
Slack : -0.099
TNS   : -0.099

Type  : Slow 1200mV 0C Model Removal 'GPIO[8]'
Slack : 0.095
TNS   : 0.000

Type  : Slow 1200mV 0C Model Minimum Pulse Width 'GPIO[8]'
Slack : -3.481
TNS   : -51.065

Type  : Slow 1200mV 0C Model Minimum Pulse Width 'GPIO[11]'
Slack : -3.481
TNS   : -46.604

Type  : Slow 1200mV 0C Model Minimum Pulse Width 'GPIO[9]'
Slack : -3.481
TNS   : -27.273

Type  : Slow 1200mV 0C Model Minimum Pulse Width 'CLOCK_50'
Slack : -3.000
TNS   : -16.383

Type  : Slow 1200mV 0C Model Minimum Pulse Width 'camera_clock~_Duplicate_2'
Slack : -1.487
TNS   : -66.915

Type  : Slow 1200mV 0C Model Minimum Pulse Width 'camstatemachine:camstatemachine_instance|current_state.copy1'
Slack : 0.330
TNS   : 0.000

Type  : Fast 1200mV 0C Model Setup 'camera_clock~_Duplicate_2'
Slack : -1.143
TNS   : -20.888

Type  : Fast 1200mV 0C Model Setup 'GPIO[9]'
Slack : -0.839
TNS   : -11.919

Type  : Fast 1200mV 0C Model Setup 'GPIO[11]'
Slack : -0.786
TNS   : -11.233

Type  : Fast 1200mV 0C Model Setup 'CLOCK_50'
Slack : -0.420
TNS   : -1.623

Type  : Fast 1200mV 0C Model Setup 'GPIO[8]'
Slack : -0.312
TNS   : -1.585

Type  : Fast 1200mV 0C Model Setup 'camstatemachine:camstatemachine_instance|current_state.copy1'
Slack : -0.151
TNS   : -0.635

Type  : Fast 1200mV 0C Model Hold 'CLOCK_50'
Slack : -0.466
TNS   : -1.198

Type  : Fast 1200mV 0C Model Hold 'camstatemachine:camstatemachine_instance|current_state.copy1'
Slack : 0.049
TNS   : 0.000

Type  : Fast 1200mV 0C Model Hold 'GPIO[8]'
Slack : 0.128
TNS   : 0.000

Type  : Fast 1200mV 0C Model Hold 'camera_clock~_Duplicate_2'
Slack : 0.178
TNS   : 0.000

Type  : Fast 1200mV 0C Model Hold 'GPIO[11]'
Slack : 0.201
TNS   : 0.000

Type  : Fast 1200mV 0C Model Hold 'GPIO[9]'
Slack : 1.316
TNS   : 0.000

Type  : Fast 1200mV 0C Model Recovery 'GPIO[11]'
Slack : -0.467
TNS   : -8.418

Type  : Fast 1200mV 0C Model Recovery 'GPIO[8]'
Slack : 0.723
TNS   : 0.000

Type  : Fast 1200mV 0C Model Removal 'GPIO[8]'
Slack : -0.069
TNS   : -1.104

Type  : Fast 1200mV 0C Model Removal 'GPIO[11]'
Slack : -0.027
TNS   : -0.027

Type  : Fast 1200mV 0C Model Minimum Pulse Width 'GPIO[8]'
Slack : -3.000
TNS   : -47.703

Type  : Fast 1200mV 0C Model Minimum Pulse Width 'GPIO[11]'
Slack : -3.000
TNS   : -44.691

Type  : Fast 1200mV 0C Model Minimum Pulse Width 'GPIO[9]'
Slack : -3.000
TNS   : -24.923

Type  : Fast 1200mV 0C Model Minimum Pulse Width 'CLOCK_50'
Slack : -3.000
TNS   : -14.014

Type  : Fast 1200mV 0C Model Minimum Pulse Width 'camera_clock~_Duplicate_2'
Slack : -1.000
TNS   : -45.000

Type  : Fast 1200mV 0C Model Minimum Pulse Width 'camstatemachine:camstatemachine_instance|current_state.copy1'
Slack : 0.388
TNS   : 0.000

------------------------------------------------------------
