------------------------------------------------------------
TimeQuest Timing Analyzer Summary
------------------------------------------------------------

Type  : Slow 1200mV 85C Model Setup 'camera_clock~_Duplicate_2'
Slack : -3.359
TNS   : -96.764

Type  : Slow 1200mV 85C Model Setup 'cam_pixelclock'
Slack : -2.301
TNS   : -47.904

Type  : Slow 1200mV 85C Model Setup 'CLOCK_50'
Slack : -2.188
TNS   : -8.602

Type  : Slow 1200mV 85C Model Setup 'cam_href'
Slack : -2.017
TNS   : -40.180

Type  : Slow 1200mV 85C Model Setup 'camstatemachine:camstatemachine_instance|current_state.copy1'
Slack : -1.619
TNS   : -10.380

Type  : Slow 1200mV 85C Model Setup 'cam_vsync'
Slack : -0.965
TNS   : -13.082

Type  : Slow 1200mV 85C Model Hold 'CLOCK_50'
Slack : -0.321
TNS   : -0.321

Type  : Slow 1200mV 85C Model Hold 'camstatemachine:camstatemachine_instance|current_state.copy1'
Slack : -0.022
TNS   : -0.022

Type  : Slow 1200mV 85C Model Hold 'camera_clock~_Duplicate_2'
Slack : 0.445
TNS   : 0.000

Type  : Slow 1200mV 85C Model Hold 'cam_pixelclock'
Slack : 0.485
TNS   : 0.000

Type  : Slow 1200mV 85C Model Hold 'cam_href'
Slack : 0.497
TNS   : 0.000

Type  : Slow 1200mV 85C Model Hold 'cam_vsync'
Slack : 1.158
TNS   : 0.000

Type  : Slow 1200mV 85C Model Recovery 'cam_pixelclock'
Slack : -0.298
TNS   : -2.736

Type  : Slow 1200mV 85C Model Recovery 'cam_href'
Slack : -0.010
TNS   : -0.160

Type  : Slow 1200mV 85C Model Removal 'cam_href'
Slack : 0.068
TNS   : 0.000

Type  : Slow 1200mV 85C Model Removal 'cam_pixelclock'
Slack : 0.159
TNS   : 0.000

Type  : Slow 1200mV 85C Model Minimum Pulse Width 'cam_href'
Slack : -3.000
TNS   : -50.584

Type  : Slow 1200mV 85C Model Minimum Pulse Width 'cam_pixelclock'
Slack : -3.000
TNS   : -46.123

Type  : Slow 1200mV 85C Model Minimum Pulse Width 'cam_vsync'
Slack : -3.000
TNS   : -26.792

Type  : Slow 1200mV 85C Model Minimum Pulse Width 'CLOCK_50'
Slack : -3.000
TNS   : -16.383

Type  : Slow 1200mV 85C Model Minimum Pulse Width 'camera_clock~_Duplicate_2'
Slack : -1.487
TNS   : -66.915

Type  : Slow 1200mV 85C Model Minimum Pulse Width 'camstatemachine:camstatemachine_instance|current_state.copy1'
Slack : 0.317
TNS   : 0.000

Type  : Slow 1200mV 0C Model Setup 'camera_clock~_Duplicate_2'
Slack : -3.105
TNS   : -87.238

Type  : Slow 1200mV 0C Model Setup 'cam_pixelclock'
Slack : -2.097
TNS   : -41.453

Type  : Slow 1200mV 0C Model Setup 'CLOCK_50'
Slack : -1.902
TNS   : -7.111

Type  : Slow 1200mV 0C Model Setup 'camstatemachine:camstatemachine_instance|current_state.copy1'
Slack : -1.743
TNS   : -11.457

Type  : Slow 1200mV 0C Model Setup 'cam_href'
Slack : -1.735
TNS   : -36.892

Type  : Slow 1200mV 0C Model Setup 'cam_vsync'
Slack : -0.767
TNS   : -10.128

Type  : Slow 1200mV 0C Model Hold 'CLOCK_50'
Slack : -0.124
TNS   : -0.124

Type  : Slow 1200mV 0C Model Hold 'camstatemachine:camstatemachine_instance|current_state.copy1'
Slack : 0.195
TNS   : 0.000

Type  : Slow 1200mV 0C Model Hold 'camera_clock~_Duplicate_2'
Slack : 0.396
TNS   : 0.000

Type  : Slow 1200mV 0C Model Hold 'cam_pixelclock'
Slack : 0.430
TNS   : 0.000

Type  : Slow 1200mV 0C Model Hold 'cam_href'
Slack : 0.447
TNS   : 0.000

Type  : Slow 1200mV 0C Model Hold 'cam_vsync'
Slack : 0.984
TNS   : 0.000

Type  : Slow 1200mV 0C Model Recovery 'cam_pixelclock'
Slack : -0.096
TNS   : -0.192

Type  : Slow 1200mV 0C Model Recovery 'cam_href'
Slack : -0.072
TNS   : -1.152

Type  : Slow 1200mV 0C Model Removal 'cam_href'
Slack : 0.074
TNS   : 0.000

Type  : Slow 1200mV 0C Model Removal 'cam_pixelclock'
Slack : 0.127
TNS   : 0.000

Type  : Slow 1200mV 0C Model Minimum Pulse Width 'cam_href'
Slack : -3.000
TNS   : -50.584

Type  : Slow 1200mV 0C Model Minimum Pulse Width 'cam_pixelclock'
Slack : -3.000
TNS   : -46.123

Type  : Slow 1200mV 0C Model Minimum Pulse Width 'cam_vsync'
Slack : -3.000
TNS   : -26.792

Type  : Slow 1200mV 0C Model Minimum Pulse Width 'CLOCK_50'
Slack : -3.000
TNS   : -16.383

Type  : Slow 1200mV 0C Model Minimum Pulse Width 'camera_clock~_Duplicate_2'
Slack : -1.487
TNS   : -66.915

Type  : Slow 1200mV 0C Model Minimum Pulse Width 'camstatemachine:camstatemachine_instance|current_state.copy1'
Slack : 0.194
TNS   : 0.000

Type  : Fast 1200mV 0C Model Setup 'camera_clock~_Duplicate_2'
Slack : -1.123
TNS   : -17.215

Type  : Fast 1200mV 0C Model Setup 'CLOCK_50'
Slack : -0.883
TNS   : -3.265

Type  : Fast 1200mV 0C Model Setup 'cam_pixelclock'
Slack : -0.713
TNS   : -8.180

Type  : Fast 1200mV 0C Model Setup 'cam_vsync'
Slack : -0.671
TNS   : -9.768

Type  : Fast 1200mV 0C Model Setup 'cam_href'
Slack : -0.308
TNS   : -1.532

Type  : Fast 1200mV 0C Model Setup 'camstatemachine:camstatemachine_instance|current_state.copy1'
Slack : -0.139
TNS   : -0.410

Type  : Fast 1200mV 0C Model Hold 'CLOCK_50'
Slack : -0.290
TNS   : -0.862

Type  : Fast 1200mV 0C Model Hold 'camstatemachine:camstatemachine_instance|current_state.copy1'
Slack : 0.038
TNS   : 0.000

Type  : Fast 1200mV 0C Model Hold 'camera_clock~_Duplicate_2'
Slack : 0.179
TNS   : 0.000

Type  : Fast 1200mV 0C Model Hold 'cam_pixelclock'
Slack : 0.201
TNS   : 0.000

Type  : Fast 1200mV 0C Model Hold 'cam_href'
Slack : 0.206
TNS   : 0.000

Type  : Fast 1200mV 0C Model Hold 'cam_vsync'
Slack : 1.253
TNS   : 0.000

Type  : Fast 1200mV 0C Model Recovery 'cam_pixelclock'
Slack : -0.341
TNS   : -6.293

Type  : Fast 1200mV 0C Model Recovery 'cam_href'
Slack : 0.678
TNS   : 0.000

Type  : Fast 1200mV 0C Model Removal 'cam_href'
Slack : -0.024
TNS   : -0.384

Type  : Fast 1200mV 0C Model Removal 'cam_pixelclock'
Slack : 0.039
TNS   : 0.000

Type  : Fast 1200mV 0C Model Minimum Pulse Width 'cam_href'
Slack : -3.000
TNS   : -39.639

Type  : Fast 1200mV 0C Model Minimum Pulse Width 'cam_pixelclock'
Slack : -3.000
TNS   : -36.079

Type  : Fast 1200mV 0C Model Minimum Pulse Width 'cam_vsync'
Slack : -3.000
TNS   : -24.955

Type  : Fast 1200mV 0C Model Minimum Pulse Width 'CLOCK_50'
Slack : -3.000
TNS   : -13.968

Type  : Fast 1200mV 0C Model Minimum Pulse Width 'camera_clock~_Duplicate_2'
Slack : -1.000
TNS   : -45.000

Type  : Fast 1200mV 0C Model Minimum Pulse Width 'camstatemachine:camstatemachine_instance|current_state.copy1'
Slack : 0.381
TNS   : 0.000

------------------------------------------------------------
