------------------------------------------------------------
TimeQuest Timing Analyzer Summary
------------------------------------------------------------

Type  : Slow Model Setup 'clk'
Slack : -5.479
TNS   : -457.967

Type  : Slow Model Setup 'VGA_SYNC2:vga_cont2|pixel_clock_int'
Slack : -3.317
TNS   : -133.435

Type  : Slow Model Setup 'dclk'
Slack : -1.866
TNS   : -22.742

Type  : Slow Model Hold 'clk'
Slack : -2.558
TNS   : -2.558

Type  : Slow Model Hold 'VGA_SYNC2:vga_cont2|pixel_clock_int'
Slack : 0.391
TNS   : 0.000

Type  : Slow Model Hold 'dclk'
Slack : 0.391
TNS   : 0.000

Type  : Slow Model Recovery 'VGA_SYNC2:vga_cont2|pixel_clock_int'
Slack : -1.263
TNS   : -22.428

Type  : Slow Model Recovery 'dclk'
Slack : 0.088
TNS   : 0.000

Type  : Slow Model Removal 'dclk'
Slack : 0.036
TNS   : 0.000

Type  : Slow Model Removal 'VGA_SYNC2:vga_cont2|pixel_clock_int'
Slack : 1.999
TNS   : 0.000

Type  : Slow Model Minimum Pulse Width 'clk'
Slack : -1.380
TNS   : -144.380

Type  : Slow Model Minimum Pulse Width 'dclk'
Slack : -1.222
TNS   : -21.222

Type  : Slow Model Minimum Pulse Width 'vsync'
Slack : -1.222
TNS   : -1.222

Type  : Slow Model Minimum Pulse Width 'VGA_SYNC2:vga_cont2|pixel_clock_int'
Slack : -0.500
TNS   : -63.000

Type  : Fast Model Setup 'clk'
Slack : -2.195
TNS   : -145.959

Type  : Fast Model Setup 'VGA_SYNC2:vga_cont2|pixel_clock_int'
Slack : -1.172
TNS   : -33.557

Type  : Fast Model Setup 'dclk'
Slack : -0.368
TNS   : -2.242

Type  : Fast Model Hold 'clk'
Slack : -1.598
TNS   : -1.598

Type  : Fast Model Hold 'dclk'
Slack : 0.076
TNS   : 0.000

Type  : Fast Model Hold 'VGA_SYNC2:vga_cont2|pixel_clock_int'
Slack : 0.215
TNS   : 0.000

Type  : Fast Model Recovery 'VGA_SYNC2:vga_cont2|pixel_clock_int'
Slack : -0.035
TNS   : -0.405

Type  : Fast Model Recovery 'dclk'
Slack : 0.412
TNS   : 0.000

Type  : Fast Model Removal 'dclk'
Slack : 0.191
TNS   : 0.000

Type  : Fast Model Removal 'VGA_SYNC2:vga_cont2|pixel_clock_int'
Slack : 0.890
TNS   : 0.000

Type  : Fast Model Minimum Pulse Width 'clk'
Slack : -1.380
TNS   : -144.380

Type  : Fast Model Minimum Pulse Width 'dclk'
Slack : -1.222
TNS   : -21.222

Type  : Fast Model Minimum Pulse Width 'vsync'
Slack : -1.222
TNS   : -1.222

Type  : Fast Model Minimum Pulse Width 'VGA_SYNC2:vga_cont2|pixel_clock_int'
Slack : -0.500
TNS   : -63.000

------------------------------------------------------------
