Analysis & Synthesis report for camerainterface
Wed May 21 00:11:23 2014
Quartus II 32-bit Version 13.1.0 Build 162 10/23/2013 SJ Web Edition


---------------------
; Table of Contents ;
---------------------
  1. Legal Notice
  2. Analysis & Synthesis Summary
  3. Analysis & Synthesis Settings
  4. Parallel Compilation
  5. Analysis & Synthesis Source Files Read
  6. Analysis & Synthesis Resource Usage Summary
  7. Analysis & Synthesis Resource Utilization by Entity
  8. State Machine - |camerainterface|camstatemachine:camstatemachine_instance|current_state
  9. User-Specified and Inferred Latches
 10. Registers Removed During Synthesis
 11. General Register Statistics
 12. Inverted Register Statistics
 13. Multiplexer Restructuring Statistics (Restructuring Performed)
 14. Port Connectivity Checks: "cam:cam_instance"
 15. Elapsed Time Per Partition
 16. Analysis & Synthesis Messages



----------------
; Legal Notice ;
----------------
Copyright (C) 1991-2013 Altera Corporation
Your use of Altera Corporation's design tools, logic functions 
and other software and tools, and its AMPP partner logic 
functions, and any output files from any of the foregoing 
(including device programming or simulation files), and any 
associated documentation or information are expressly subject 
to the terms and conditions of the Altera Program License 
Subscription Agreement, Altera MegaCore Function License 
Agreement, or other applicable license agreement, including, 
without limitation, that your use is for the sole purpose of 
programming logic devices manufactured by Altera and sold by 
Altera or its authorized distributors.  Please refer to the 
applicable agreement for further details.



+---------------------------------------------------------------------------------+
; Analysis & Synthesis Summary                                                    ;
+------------------------------------+--------------------------------------------+
; Analysis & Synthesis Status        ; Successful - Wed May 21 00:11:23 2014      ;
; Quartus II 32-bit Version          ; 13.1.0 Build 162 10/23/2013 SJ Web Edition ;
; Revision Name                      ; camerainterface                            ;
; Top-level Entity Name              ; camerainterface                            ;
; Family                             ; Cyclone IV E                               ;
; Total logic elements               ; 305                                        ;
;     Total combinational functions  ; 244                                        ;
;     Dedicated logic registers      ; 129                                        ;
; Total registers                    ; 129                                        ;
; Total pins                         ; 167                                        ;
; Total virtual pins                 ; 0                                          ;
; Total memory bits                  ; 0                                          ;
; Embedded Multiplier 9-bit elements ; 0                                          ;
; Total PLLs                         ; 0                                          ;
+------------------------------------+--------------------------------------------+


+----------------------------------------------------------------------------------------------------------------------+
; Analysis & Synthesis Settings                                                                                        ;
+----------------------------------------------------------------------------+--------------------+--------------------+
; Option                                                                     ; Setting            ; Default Value      ;
+----------------------------------------------------------------------------+--------------------+--------------------+
; Device                                                                     ; EP4CE115F29C8      ;                    ;
; Top-level entity name                                                      ; camerainterface    ; camerainterface    ;
; Family name                                                                ; Cyclone IV E       ; Cyclone IV GX      ;
; Use smart compilation                                                      ; Off                ; Off                ;
; Enable parallel Assembler and TimeQuest Timing Analyzer during compilation ; On                 ; On                 ;
; Enable compact report table                                                ; Off                ; Off                ;
; Restructure Multiplexers                                                   ; Auto               ; Auto               ;
; Create Debugging Nodes for IP Cores                                        ; Off                ; Off                ;
; Preserve fewer node names                                                  ; On                 ; On                 ;
; Disable OpenCore Plus hardware evaluation                                  ; Off                ; Off                ;
; Verilog Version                                                            ; Verilog_2001       ; Verilog_2001       ;
; VHDL Version                                                               ; VHDL_1993          ; VHDL_1993          ;
; State Machine Processing                                                   ; Auto               ; Auto               ;
; Safe State Machine                                                         ; Off                ; Off                ;
; Extract Verilog State Machines                                             ; On                 ; On                 ;
; Extract VHDL State Machines                                                ; On                 ; On                 ;
; Ignore Verilog initial constructs                                          ; Off                ; Off                ;
; Iteration limit for constant Verilog loops                                 ; 5000               ; 5000               ;
; Iteration limit for non-constant Verilog loops                             ; 250                ; 250                ;
; Add Pass-Through Logic to Inferred RAMs                                    ; On                 ; On                 ;
; Infer RAMs from Raw Logic                                                  ; On                 ; On                 ;
; Parallel Synthesis                                                         ; On                 ; On                 ;
; DSP Block Balancing                                                        ; Auto               ; Auto               ;
; NOT Gate Push-Back                                                         ; On                 ; On                 ;
; Power-Up Don't Care                                                        ; On                 ; On                 ;
; Remove Redundant Logic Cells                                               ; Off                ; Off                ;
; Remove Duplicate Registers                                                 ; On                 ; On                 ;
; Ignore CARRY Buffers                                                       ; Off                ; Off                ;
; Ignore CASCADE Buffers                                                     ; Off                ; Off                ;
; Ignore GLOBAL Buffers                                                      ; Off                ; Off                ;
; Ignore ROW GLOBAL Buffers                                                  ; Off                ; Off                ;
; Ignore LCELL Buffers                                                       ; Off                ; Off                ;
; Ignore SOFT Buffers                                                        ; On                 ; On                 ;
; Limit AHDL Integers to 32 Bits                                             ; Off                ; Off                ;
; Optimization Technique                                                     ; Balanced           ; Balanced           ;
; Carry Chain Length                                                         ; 70                 ; 70                 ;
; Auto Carry Chains                                                          ; On                 ; On                 ;
; Auto Open-Drain Pins                                                       ; On                 ; On                 ;
; Perform WYSIWYG Primitive Resynthesis                                      ; Off                ; Off                ;
; Auto ROM Replacement                                                       ; On                 ; On                 ;
; Auto RAM Replacement                                                       ; On                 ; On                 ;
; Auto DSP Block Replacement                                                 ; On                 ; On                 ;
; Auto Shift Register Replacement                                            ; Auto               ; Auto               ;
; Allow Shift Register Merging across Hierarchies                            ; Auto               ; Auto               ;
; Auto Clock Enable Replacement                                              ; On                 ; On                 ;
; Strict RAM Replacement                                                     ; Off                ; Off                ;
; Allow Synchronous Control Signals                                          ; On                 ; On                 ;
; Force Use of Synchronous Clear Signals                                     ; Off                ; Off                ;
; Auto RAM Block Balancing                                                   ; On                 ; On                 ;
; Auto RAM to Logic Cell Conversion                                          ; Off                ; Off                ;
; Auto Resource Sharing                                                      ; Off                ; Off                ;
; Allow Any RAM Size For Recognition                                         ; Off                ; Off                ;
; Allow Any ROM Size For Recognition                                         ; Off                ; Off                ;
; Allow Any Shift Register Size For Recognition                              ; Off                ; Off                ;
; Use LogicLock Constraints during Resource Balancing                        ; On                 ; On                 ;
; Ignore translate_off and synthesis_off directives                          ; Off                ; Off                ;
; Timing-Driven Synthesis                                                    ; On                 ; On                 ;
; Report Parameter Settings                                                  ; On                 ; On                 ;
; Report Source Assignments                                                  ; On                 ; On                 ;
; Report Connectivity Checks                                                 ; On                 ; On                 ;
; Ignore Maximum Fan-Out Assignments                                         ; Off                ; Off                ;
; Synchronization Register Chain Length                                      ; 2                  ; 2                  ;
; PowerPlay Power Optimization                                               ; Normal compilation ; Normal compilation ;
; HDL message level                                                          ; Level2             ; Level2             ;
; Suppress Register Optimization Related Messages                            ; Off                ; Off                ;
; Number of Removed Registers Reported in Synthesis Report                   ; 5000               ; 5000               ;
; Number of Swept Nodes Reported in Synthesis Report                         ; 5000               ; 5000               ;
; Number of Inverted Registers Reported in Synthesis Report                  ; 100                ; 100                ;
; Clock MUX Protection                                                       ; On                 ; On                 ;
; Auto Gated Clock Conversion                                                ; Off                ; Off                ;
; Block Design Naming                                                        ; Auto               ; Auto               ;
; SDC constraint protection                                                  ; Off                ; Off                ;
; Synthesis Effort                                                           ; Auto               ; Auto               ;
; Shift Register Replacement - Allow Asynchronous Clear Signal               ; On                 ; On                 ;
; Pre-Mapping Resynthesis Optimization                                       ; Off                ; Off                ;
; Analysis & Synthesis Message Level                                         ; Medium             ; Medium             ;
; Disable Register Merging Across Hierarchies                                ; Auto               ; Auto               ;
; Resource Aware Inference For Block RAM                                     ; On                 ; On                 ;
; Synthesis Seed                                                             ; 1                  ; 1                  ;
+----------------------------------------------------------------------------+--------------------+--------------------+


+------------------------------------------+
; Parallel Compilation                     ;
+----------------------------+-------------+
; Processors                 ; Number      ;
+----------------------------+-------------+
; Number detected on machine ; 2           ;
; Maximum allowed            ; 2           ;
;                            ;             ;
; Average used               ; 1.00        ;
; Maximum used               ; 2           ;
;                            ;             ;
; Usage by Processor         ; % Time Used ;
;     Processor 1            ; 100.0%      ;
;     Processor 2            ; < 0.1%      ;
+----------------------------+-------------+


+------------------------------------------------------------------------------------------------------------------------------+
; Analysis & Synthesis Source Files Read                                                                                       ;
+----------------------------------+-----------------+-----------------+---------------------------------------------+---------+
; File Name with User-Entered Path ; Used in Netlist ; File Type       ; File Name with Absolute Path                ; Library ;
+----------------------------------+-----------------+-----------------+---------------------------------------------+---------+
; cam.vhd                          ; yes             ; User VHDL File  ; C:/altera/13.1/Projects/cam.vhd             ;         ;
; camerainterface.vhd              ; yes             ; User VHDL File  ; C:/altera/13.1/Projects/camerainterface.vhd ;         ;
; leddcd.vhd                       ; yes             ; User VHDL File  ; C:/altera/13.1/Projects/leddcd.vhd          ;         ;
; decoder.vhd                      ; yes             ; User VHDL File  ; C:/altera/13.1/Projects/decoder.vhd         ;         ;
; camstatemachine.vhd              ; yes             ; User VHDL File  ; C:/altera/13.1/Projects/camstatemachine.vhd ;         ;
; vga_sync.vhd                     ; yes             ; User VHDL File  ; C:/altera/13.1/Projects/vga_sync.vhd        ;         ;
+----------------------------------+-----------------+-----------------+---------------------------------------------+---------+


+-------------------------------------------------------------+
; Analysis & Synthesis Resource Usage Summary                 ;
+---------------------------------------------+---------------+
; Resource                                    ; Usage         ;
+---------------------------------------------+---------------+
; Estimated Total logic elements              ; 305           ;
;                                             ;               ;
; Total combinational functions               ; 244           ;
; Logic element usage by number of LUT inputs ;               ;
;     -- 4 input functions                    ; 104           ;
;     -- 3 input functions                    ; 55            ;
;     -- <=2 input functions                  ; 85            ;
;                                             ;               ;
; Logic elements by mode                      ;               ;
;     -- normal mode                          ; 152           ;
;     -- arithmetic mode                      ; 92            ;
;                                             ;               ;
; Total registers                             ; 129           ;
;     -- Dedicated logic registers            ; 129           ;
;     -- I/O registers                        ; 0             ;
;                                             ;               ;
; I/O pins                                    ; 167           ;
; Embedded Multiplier 9-bit elements          ; 0             ;
; Maximum fan-out node                        ; GPIO[8]~input ;
; Maximum fan-out                             ; 55            ;
; Total fan-out                               ; 1440          ;
; Average fan-out                             ; 1.90          ;
+---------------------------------------------+---------------+


+--------------------------------------------------------------------------------------------------------------------------------------------------------------------------------------------------------------------------------------+
; Analysis & Synthesis Resource Utilization by Entity                                                                                                                                                                                  ;
+-----------------------------------------------+-------------------+--------------+-------------+--------------+---------+-----------+------+--------------+-----------------------------------------------------------+--------------+
; Compilation Hierarchy Node                    ; LC Combinationals ; LC Registers ; Memory Bits ; DSP Elements ; DSP 9x9 ; DSP 18x18 ; Pins ; Virtual Pins ; Full Hierarchy Name                                       ; Library Name ;
+-----------------------------------------------+-------------------+--------------+-------------+--------------+---------+-----------+------+--------------+-----------------------------------------------------------+--------------+
; |camerainterface                              ; 244 (85)          ; 129 (1)      ; 0           ; 0            ; 0       ; 0         ; 167  ; 0            ; |camerainterface                                          ; work         ;
;    |VGA_SYNC:vga_sync_instance|               ; 57 (57)           ; 45 (45)      ; 0           ; 0            ; 0       ; 0         ; 0    ; 0            ; |camerainterface|VGA_SYNC:vga_sync_instance               ; work         ;
;    |cam:cam_instance|                         ; 38 (38)           ; 77 (77)      ; 0           ; 0            ; 0       ; 0         ; 0    ; 0            ; |camerainterface|cam:cam_instance                         ; work         ;
;    |camstatemachine:camstatemachine_instance| ; 8 (8)             ; 6 (6)        ; 0           ; 0            ; 0       ; 0         ; 0    ; 0            ; |camerainterface|camstatemachine:camstatemachine_instance ; work         ;
;    |leddcd:hex0decoder|                       ; 7 (7)             ; 0 (0)        ; 0           ; 0            ; 0       ; 0         ; 0    ; 0            ; |camerainterface|leddcd:hex0decoder                       ; work         ;
;    |leddcd:hex1decoder|                       ; 7 (7)             ; 0 (0)        ; 0           ; 0            ; 0       ; 0         ; 0    ; 0            ; |camerainterface|leddcd:hex1decoder                       ; work         ;
;    |leddcd:hex2decoder|                       ; 7 (7)             ; 0 (0)        ; 0           ; 0            ; 0       ; 0         ; 0    ; 0            ; |camerainterface|leddcd:hex2decoder                       ; work         ;
;    |leddcd:hex3decoder|                       ; 7 (7)             ; 0 (0)        ; 0           ; 0            ; 0       ; 0         ; 0    ; 0            ; |camerainterface|leddcd:hex3decoder                       ; work         ;
;    |leddcd:hex4decoder|                       ; 7 (7)             ; 0 (0)        ; 0           ; 0            ; 0       ; 0         ; 0    ; 0            ; |camerainterface|leddcd:hex4decoder                       ; work         ;
;    |leddcd:hex5decoder|                       ; 7 (7)             ; 0 (0)        ; 0           ; 0            ; 0       ; 0         ; 0    ; 0            ; |camerainterface|leddcd:hex5decoder                       ; work         ;
;    |leddcd:hex6decoder|                       ; 7 (7)             ; 0 (0)        ; 0           ; 0            ; 0       ; 0         ; 0    ; 0            ; |camerainterface|leddcd:hex6decoder                       ; work         ;
;    |leddcd:hex7decoder|                       ; 7 (7)             ; 0 (0)        ; 0           ; 0            ; 0       ; 0         ; 0    ; 0            ; |camerainterface|leddcd:hex7decoder                       ; work         ;
+-----------------------------------------------+-------------------+--------------+-------------+--------------+---------+-----------+------+--------------+-----------------------------------------------------------+--------------+
Note: For table entries with two numbers listed, the numbers in parentheses indicate the number of resources of the given type used by the specific entity alone. The numbers listed outside of parentheses indicate the total resources of the given type used by the specific entity and all of its sub-entities in the hierarchy.


Encoding Type:  One-Hot
+--------------------------------------------------------------------------------------------------------------------------------------------------------------------------------------------------------------------------------------------------------------------------------------------------------------------------------------------------------------------+
; State Machine - |camerainterface|camstatemachine:camstatemachine_instance|current_state                                                                                                                                                                                                                                                                            ;
+----------------------------------------------+----------------------------------------------+-------------------------------------+-------------------------------------+-------------------------------------+---------------------+---------------------+----------------------------------+-----------------------+---------------------------------------------+
; Name                                         ; current_state.wait_for_display_end_post_copy ; current_state.write_processed_pixel ; current_state.read_foreground_pixel ; current_state.read_background_pixel ; current_state.copy2 ; current_state.copy1 ; current_state.wait_for_cam_start ; current_state.display ; current_state.wait_for_display_end_pre_copy ;
+----------------------------------------------+----------------------------------------------+-------------------------------------+-------------------------------------+-------------------------------------+---------------------+---------------------+----------------------------------+-----------------------+---------------------------------------------+
; current_state.wait_for_display_end_pre_copy  ; 0                                            ; 0                                   ; 0                                   ; 0                                   ; 0                   ; 0                   ; 0                                ; 0                     ; 0                                           ;
; current_state.display                        ; 0                                            ; 0                                   ; 0                                   ; 0                                   ; 0                   ; 0                   ; 0                                ; 1                     ; 1                                           ;
; current_state.wait_for_cam_start             ; 0                                            ; 0                                   ; 0                                   ; 0                                   ; 0                   ; 0                   ; 1                                ; 0                     ; 1                                           ;
; current_state.copy1                          ; 0                                            ; 0                                   ; 0                                   ; 0                                   ; 0                   ; 1                   ; 0                                ; 0                     ; 1                                           ;
; current_state.copy2                          ; 0                                            ; 0                                   ; 0                                   ; 0                                   ; 1                   ; 0                   ; 0                                ; 0                     ; 1                                           ;
; current_state.read_background_pixel          ; 0                                            ; 0                                   ; 0                                   ; 1                                   ; 0                   ; 0                   ; 0                                ; 0                     ; 1                                           ;
; current_state.read_foreground_pixel          ; 0                                            ; 0                                   ; 1                                   ; 0                                   ; 0                   ; 0                   ; 0                                ; 0                     ; 1                                           ;
; current_state.write_processed_pixel          ; 0                                            ; 1                                   ; 0                                   ; 0                                   ; 0                   ; 0                   ; 0                                ; 0                     ; 1                                           ;
; current_state.wait_for_display_end_post_copy ; 1                                            ; 0                                   ; 0                                   ; 0                                   ; 0                   ; 0                   ; 0                                ; 0                     ; 1                                           ;
+----------------------------------------------+----------------------------------------------+-------------------------------------+-------------------------------------+-------------------------------------+---------------------+---------------------+----------------------------------+-----------------------+---------------------------------------------+


+---------------------------------------------------------------------------------------------------------+
; User-Specified and Inferred Latches                                                                     ;
+----------------------------------------------------+---------------------------+------------------------+
; Latch Name                                         ; Latch Enable Signal       ; Free of Timing Hazards ;
+----------------------------------------------------+---------------------------+------------------------+
; sram_data_in[8]                                    ; backgroundsubtraction_eof ; yes                    ;
; sram_data_in[9]                                    ; backgroundsubtraction_eof ; yes                    ;
; sram_data_in[10]                                   ; backgroundsubtraction_eof ; yes                    ;
; sram_data_in[11]                                   ; backgroundsubtraction_eof ; yes                    ;
; sram_data_in[12]                                   ; backgroundsubtraction_eof ; yes                    ;
; sram_data_in[13]                                   ; backgroundsubtraction_eof ; yes                    ;
; sram_data_in[14]                                   ; backgroundsubtraction_eof ; yes                    ;
; sram_data_in[15]                                   ; backgroundsubtraction_eof ; yes                    ;
; Number of user-specified and inferred latches = 8  ;                           ;                        ;
+----------------------------------------------------+---------------------------+------------------------+
Note: All latches listed above may not be present at the end of synthesis due to various synthesis optimizations.


+---------------------------------------------------------------------------------------------------------------------------+
; Registers Removed During Synthesis                                                                                        ;
+------------------------------------------------------------------------------+--------------------------------------------+
; Register name                                                                ; Reason for Removal                         ;
+------------------------------------------------------------------------------+--------------------------------------------+
; VGA_SYNC:vga_sync_instance|video_on_v                                        ; Merged with VGA_SYNC:vga_sync_instance|eof ;
; VGA_SYNC:vga_sync_instance|pixel_row[9]                                      ; Stuck at GND due to stuck port data_in     ;
; camstatemachine:camstatemachine_instance|current_state.read_background_pixel ; Stuck at GND due to stuck port data_in     ;
; camstatemachine:camstatemachine_instance|current_state.read_foreground_pixel ; Stuck at GND due to stuck port data_in     ;
; camstatemachine:camstatemachine_instance|current_state.write_processed_pixel ; Stuck at GND due to stuck port data_in     ;
; cam:cam_instance|current_column[20..30]                                      ; Lost fanout                                ;
; cam:cam_instance|current_row[16..30]                                         ; Lost fanout                                ;
; Total Number of Removed Registers = 31                                       ;                                            ;
+------------------------------------------------------------------------------+--------------------------------------------+


+------------------------------------------------------+
; General Register Statistics                          ;
+----------------------------------------------+-------+
; Statistic                                    ; Value ;
+----------------------------------------------+-------+
; Total registers                              ; 129   ;
; Number of registers using Synchronous Clear  ; 1     ;
; Number of registers using Synchronous Load   ; 0     ;
; Number of registers using Asynchronous Clear ; 43    ;
; Number of registers using Asynchronous Load  ; 0     ;
; Number of registers using Clock Enable       ; 48    ;
; Number of registers using Preset             ; 0     ;
+----------------------------------------------+-------+


+--------------------------------------------------+
; Inverted Register Statistics                     ;
+----------------------------------------+---------+
; Inverted Register                      ; Fan out ;
+----------------------------------------+---------+
; cam:cam_instance|second_byte           ; 23      ;
; Total number of inverted registers = 1 ;         ;
+----------------------------------------+---------+


+----------------------------------------------------------------------------------------------------------------------------------------------------------------------+
; Multiplexer Restructuring Statistics (Restructuring Performed)                                                                                                       ;
+--------------------+-----------+---------------+----------------------+------------------------+------------+--------------------------------------------------------+
; Multiplexer Inputs ; Bus Width ; Baseline Area ; Area if Restructured ; Saving if Restructured ; Registered ; Example Multiplexer Output                             ;
+--------------------+-----------+---------------+----------------------+------------------------+------------+--------------------------------------------------------+
; 3:1                ; 10 bits   ; 20 LEs        ; 10 LEs               ; 10 LEs                 ; Yes        ; |camerainterface|VGA_SYNC:vga_sync_instance|v_count[3] ;
; 4:1                ; 12 bits   ; 24 LEs        ; 24 LEs               ; 0 LEs                  ; No         ; |camerainterface|SRAM_ADDR[7]                          ;
; 6:1                ; 7 bits    ; 28 LEs        ; 21 LEs               ; 7 LEs                  ; No         ; |camerainterface|SRAM_ADDR[18]                         ;
+--------------------+-----------+---------------+----------------------+------------------------+------------+--------------------------------------------------------+


+-----------------------------------------------------------------------------------------------------------------------------------+
; Port Connectivity Checks: "cam:cam_instance"                                                                                      ;
+-------------------------+--------+----------+-------------------------------------------------------------------------------------+
; Port                    ; Type   ; Severity ; Details                                                                             ;
+-------------------------+--------+----------+-------------------------------------------------------------------------------------+
; horizontal_size[30..16] ; Output ; Info     ; Connected to dangling logic. Logic that only feeds a dangling port will be removed. ;
; vertical_size[30..16]   ; Output ; Info     ; Connected to dangling logic. Logic that only feeds a dangling port will be removed. ;
; pixel_count             ; Output ; Info     ; Connected to dangling logic. Logic that only feeds a dangling port will be removed. ;
+-------------------------+--------+----------+-------------------------------------------------------------------------------------+


+-------------------------------+
; Elapsed Time Per Partition    ;
+----------------+--------------+
; Partition Name ; Elapsed Time ;
+----------------+--------------+
; Top            ; 00:00:04     ;
+----------------+--------------+


+-------------------------------+
; Analysis & Synthesis Messages ;
+-------------------------------+
Info: *******************************************************************
Info: Running Quartus II 32-bit Analysis & Synthesis
    Info: Version 13.1.0 Build 162 10/23/2013 SJ Web Edition
    Info: Processing started: Wed May 21 00:11:09 2014
Info: Command: quartus_map --read_settings_files=on --write_settings_files=off camerainterface -c camerainterface
Info (20030): Parallel compilation is enabled and will use 2 of the 2 processors detected
Info (12021): Found 2 design units, including 1 entities, in source file cam.vhd
    Info (12022): Found design unit 1: cam-cam
    Info (12023): Found entity 1: cam
Info (12021): Found 2 design units, including 1 entities, in source file camerainterface.vhd
    Info (12022): Found design unit 1: camerainterface-camerainterface
    Info (12023): Found entity 1: camerainterface
Info (12021): Found 2 design units, including 1 entities, in source file sram16to8.vhd
    Info (12022): Found design unit 1: sram16to8address-sram16to8address
    Info (12023): Found entity 1: sram16to8address
Info (12021): Found 2 design units, including 1 entities, in source file leddcd.vhd
    Info (12022): Found design unit 1: leddcd-data_flow
    Info (12023): Found entity 1: leddcd
Info (12021): Found 2 design units, including 0 entities, in source file decoder.vhd
    Info (12022): Found design unit 1: decoder
    Info (12022): Found design unit 2: decoder-body
Info (12021): Found 2 design units, including 1 entities, in source file camtosram.vhd
    Info (12022): Found design unit 1: camtosram-camtosram
    Info (12023): Found entity 1: camtosram
Info (12021): Found 2 design units, including 1 entities, in source file camstatemachine.vhd
    Info (12022): Found design unit 1: camstatemachine-camstatemachine
    Info (12023): Found entity 1: camstatemachine
Info (12021): Found 2 design units, including 1 entities, in source file vga_sync.vhd
    Info (12022): Found design unit 1: VGA_SYNC-behavioral
    Info (12023): Found entity 1: VGA_SYNC
Info (12127): Elaborating entity "camerainterface" for the top level hierarchy
Warning (10541): VHDL Signal Declaration warning at camerainterface.vhd(30): used implicit default value for signal "VGA_SYNC_N" because signal was never assigned a value or an explicit default value. Use of implicit default value may introduce unintended design optimizations.
Warning (10036): Verilog HDL or VHDL warning at camerainterface.vhd(116): object "camera_current_pixel" assigned a value but never read
Warning (10541): VHDL Signal Declaration warning at camerainterface.vhd(123): used implicit default value for signal "sram8_low_bar_high" because signal was never assigned a value or an explicit default value. Use of implicit default value may introduce unintended design optimizations.
Warning (10492): VHDL Process Statement warning at camerainterface.vhd(251): signal "pixel_counter" is read inside the Process Statement but isn't in the Process Statement's sensitivity list
Warning (10492): VHDL Process Statement warning at camerainterface.vhd(252): signal "sram_data_out" is read inside the Process Statement but isn't in the Process Statement's sensitivity list
Warning (10492): VHDL Process Statement warning at camerainterface.vhd(256): signal "pixel_counter" is read inside the Process Statement but isn't in the Process Statement's sensitivity list
Warning (10492): VHDL Process Statement warning at camerainterface.vhd(257): signal "sram_data_out" is read inside the Process Statement but isn't in the Process Statement's sensitivity list
Warning (10492): VHDL Process Statement warning at camerainterface.vhd(264): signal "bpixel" is read inside the Process Statement but isn't in the Process Statement's sensitivity list
Warning (10492): VHDL Process Statement warning at camerainterface.vhd(264): signal "fpixel" is read inside the Process Statement but isn't in the Process Statement's sensitivity list
Warning (10492): VHDL Process Statement warning at camerainterface.vhd(267): signal "diff" is read inside the Process Statement but isn't in the Process Statement's sensitivity list
Warning (10492): VHDL Process Statement warning at camerainterface.vhd(273): signal "pixel_counter" is read inside the Process Statement but isn't in the Process Statement's sensitivity list
Warning (10492): VHDL Process Statement warning at camerainterface.vhd(274): signal "pixel_counter" is read inside the Process Statement but isn't in the Process Statement's sensitivity list
Warning (10492): VHDL Process Statement warning at camerainterface.vhd(276): signal "pixel_counter" is read inside the Process Statement but isn't in the Process Statement's sensitivity list
Warning (10492): VHDL Process Statement warning at camerainterface.vhd(286): signal "sram_data_out" is read inside the Process Statement but isn't in the Process Statement's sensitivity list
Warning (10492): VHDL Process Statement warning at camerainterface.vhd(287): signal "sram_data_out" is read inside the Process Statement but isn't in the Process Statement's sensitivity list
Warning (10492): VHDL Process Statement warning at camerainterface.vhd(288): signal "sram_data_out" is read inside the Process Statement but isn't in the Process Statement's sensitivity list
Warning (10492): VHDL Process Statement warning at camerainterface.vhd(300): signal "camera_column" is read inside the Process Statement but isn't in the Process Statement's sensitivity list
Warning (10631): VHDL Process Statement warning at camerainterface.vhd(245): inferring latch(es) for signal or variable "SRAM_ADDR", which holds its previous value in one or more paths through the process
Warning (10631): VHDL Process Statement warning at camerainterface.vhd(245): inferring latch(es) for signal or variable "bpixel", which holds its previous value in one or more paths through the process
Warning (10631): VHDL Process Statement warning at camerainterface.vhd(245): inferring latch(es) for signal or variable "fpixel", which holds its previous value in one or more paths through the process
Warning (10631): VHDL Process Statement warning at camerainterface.vhd(245): inferring latch(es) for signal or variable "diff", which holds its previous value in one or more paths through the process
Warning (10631): VHDL Process Statement warning at camerainterface.vhd(245): inferring latch(es) for signal or variable "sram_data_in", which holds its previous value in one or more paths through the process
Warning (10631): VHDL Process Statement warning at camerainterface.vhd(245): inferring latch(es) for signal or variable "pixel_counter", which holds its previous value in one or more paths through the process
Warning (10631): VHDL Process Statement warning at camerainterface.vhd(245): inferring latch(es) for signal or variable "backgroundsubtraction_eof", which holds its previous value in one or more paths through the process
Warning (10631): VHDL Process Statement warning at camerainterface.vhd(245): inferring latch(es) for signal or variable "VGA_R", which holds its previous value in one or more paths through the process
Warning (10631): VHDL Process Statement warning at camerainterface.vhd(245): inferring latch(es) for signal or variable "VGA_G", which holds its previous value in one or more paths through the process
Warning (10631): VHDL Process Statement warning at camerainterface.vhd(245): inferring latch(es) for signal or variable "VGA_B", which holds its previous value in one or more paths through the process
Info (10041): Inferred latch for "VGA_B[0]" at camerainterface.vhd(245)
Info (10041): Inferred latch for "VGA_B[1]" at camerainterface.vhd(245)
Info (10041): Inferred latch for "VGA_B[2]" at camerainterface.vhd(245)
Info (10041): Inferred latch for "VGA_B[3]" at camerainterface.vhd(245)
Info (10041): Inferred latch for "VGA_B[4]" at camerainterface.vhd(245)
Info (10041): Inferred latch for "VGA_B[5]" at camerainterface.vhd(245)
Info (10041): Inferred latch for "VGA_B[6]" at camerainterface.vhd(245)
Info (10041): Inferred latch for "VGA_B[7]" at camerainterface.vhd(245)
Info (10041): Inferred latch for "VGA_G[0]" at camerainterface.vhd(245)
Info (10041): Inferred latch for "VGA_G[1]" at camerainterface.vhd(245)
Info (10041): Inferred latch for "VGA_G[2]" at camerainterface.vhd(245)
Info (10041): Inferred latch for "VGA_G[3]" at camerainterface.vhd(245)
Info (10041): Inferred latch for "VGA_G[4]" at camerainterface.vhd(245)
Info (10041): Inferred latch for "VGA_G[5]" at camerainterface.vhd(245)
Info (10041): Inferred latch for "VGA_G[6]" at camerainterface.vhd(245)
Info (10041): Inferred latch for "VGA_G[7]" at camerainterface.vhd(245)
Info (10041): Inferred latch for "VGA_R[0]" at camerainterface.vhd(245)
Info (10041): Inferred latch for "VGA_R[1]" at camerainterface.vhd(245)
Info (10041): Inferred latch for "VGA_R[2]" at camerainterface.vhd(245)
Info (10041): Inferred latch for "VGA_R[3]" at camerainterface.vhd(245)
Info (10041): Inferred latch for "VGA_R[4]" at camerainterface.vhd(245)
Info (10041): Inferred latch for "VGA_R[5]" at camerainterface.vhd(245)
Info (10041): Inferred latch for "VGA_R[6]" at camerainterface.vhd(245)
Info (10041): Inferred latch for "VGA_R[7]" at camerainterface.vhd(245)
Info (10041): Inferred latch for "backgroundsubtraction_eof" at camerainterface.vhd(245)
Info (10041): Inferred latch for "pixel_counter[0]" at camerainterface.vhd(245)
Info (10041): Inferred latch for "pixel_counter[1]" at camerainterface.vhd(245)
Info (10041): Inferred latch for "pixel_counter[2]" at camerainterface.vhd(245)
Info (10041): Inferred latch for "pixel_counter[3]" at camerainterface.vhd(245)
Info (10041): Inferred latch for "pixel_counter[4]" at camerainterface.vhd(245)
Info (10041): Inferred latch for "pixel_counter[5]" at camerainterface.vhd(245)
Info (10041): Inferred latch for "pixel_counter[6]" at camerainterface.vhd(245)
Info (10041): Inferred latch for "pixel_counter[7]" at camerainterface.vhd(245)
Info (10041): Inferred latch for "pixel_counter[8]" at camerainterface.vhd(245)
Info (10041): Inferred latch for "pixel_counter[9]" at camerainterface.vhd(245)
Info (10041): Inferred latch for "pixel_counter[10]" at camerainterface.vhd(245)
Info (10041): Inferred latch for "pixel_counter[11]" at camerainterface.vhd(245)
Info (10041): Inferred latch for "pixel_counter[12]" at camerainterface.vhd(245)
Info (10041): Inferred latch for "pixel_counter[13]" at camerainterface.vhd(245)
Info (10041): Inferred latch for "pixel_counter[14]" at camerainterface.vhd(245)
Info (10041): Inferred latch for "pixel_counter[15]" at camerainterface.vhd(245)
Info (10041): Inferred latch for "pixel_counter[16]" at camerainterface.vhd(245)
Info (10041): Inferred latch for "pixel_counter[17]" at camerainterface.vhd(245)
Info (10041): Inferred latch for "pixel_counter[18]" at camerainterface.vhd(245)
Info (10041): Inferred latch for "pixel_counter[19]" at camerainterface.vhd(245)
Info (10041): Inferred latch for "pixel_counter[20]" at camerainterface.vhd(245)
Info (10041): Inferred latch for "pixel_counter[21]" at camerainterface.vhd(245)
Info (10041): Inferred latch for "pixel_counter[22]" at camerainterface.vhd(245)
Info (10041): Inferred latch for "pixel_counter[23]" at camerainterface.vhd(245)
Info (10041): Inferred latch for "pixel_counter[24]" at camerainterface.vhd(245)
Info (10041): Inferred latch for "pixel_counter[25]" at camerainterface.vhd(245)
Info (10041): Inferred latch for "pixel_counter[26]" at camerainterface.vhd(245)
Info (10041): Inferred latch for "pixel_counter[27]" at camerainterface.vhd(245)
Info (10041): Inferred latch for "pixel_counter[28]" at camerainterface.vhd(245)
Info (10041): Inferred latch for "pixel_counter[29]" at camerainterface.vhd(245)
Info (10041): Inferred latch for "pixel_counter[30]" at camerainterface.vhd(245)
Info (10041): Inferred latch for "sram_data_in[0]" at camerainterface.vhd(245)
Info (10041): Inferred latch for "sram_data_in[1]" at camerainterface.vhd(245)
Info (10041): Inferred latch for "sram_data_in[2]" at camerainterface.vhd(245)
Info (10041): Inferred latch for "sram_data_in[3]" at camerainterface.vhd(245)
Info (10041): Inferred latch for "sram_data_in[4]" at camerainterface.vhd(245)
Info (10041): Inferred latch for "sram_data_in[5]" at camerainterface.vhd(245)
Info (10041): Inferred latch for "sram_data_in[6]" at camerainterface.vhd(245)
Info (10041): Inferred latch for "sram_data_in[7]" at camerainterface.vhd(245)
Info (10041): Inferred latch for "sram_data_in[8]" at camerainterface.vhd(245)
Info (10041): Inferred latch for "sram_data_in[9]" at camerainterface.vhd(245)
Info (10041): Inferred latch for "sram_data_in[10]" at camerainterface.vhd(245)
Info (10041): Inferred latch for "sram_data_in[11]" at camerainterface.vhd(245)
Info (10041): Inferred latch for "sram_data_in[12]" at camerainterface.vhd(245)
Info (10041): Inferred latch for "sram_data_in[13]" at camerainterface.vhd(245)
Info (10041): Inferred latch for "sram_data_in[14]" at camerainterface.vhd(245)
Info (10041): Inferred latch for "sram_data_in[15]" at camerainterface.vhd(245)
Info (10041): Inferred latch for "diff[0]" at camerainterface.vhd(245)
Info (10041): Inferred latch for "diff[1]" at camerainterface.vhd(245)
Info (10041): Inferred latch for "diff[2]" at camerainterface.vhd(245)
Info (10041): Inferred latch for "diff[3]" at camerainterface.vhd(245)
Info (10041): Inferred latch for "diff[4]" at camerainterface.vhd(245)
Info (10041): Inferred latch for "diff[5]" at camerainterface.vhd(245)
Info (10041): Inferred latch for "diff[6]" at camerainterface.vhd(245)
Info (10041): Inferred latch for "diff[7]" at camerainterface.vhd(245)
Info (10041): Inferred latch for "diff[8]" at camerainterface.vhd(245)
Info (10041): Inferred latch for "diff[9]" at camerainterface.vhd(245)
Info (10041): Inferred latch for "diff[10]" at camerainterface.vhd(245)
Info (10041): Inferred latch for "diff[11]" at camerainterface.vhd(245)
Info (10041): Inferred latch for "diff[12]" at camerainterface.vhd(245)
Info (10041): Inferred latch for "diff[13]" at camerainterface.vhd(245)
Info (10041): Inferred latch for "diff[14]" at camerainterface.vhd(245)
Info (10041): Inferred latch for "diff[15]" at camerainterface.vhd(245)
Info (10041): Inferred latch for "diff[16]" at camerainterface.vhd(245)
Info (10041): Inferred latch for "diff[17]" at camerainterface.vhd(245)
Info (10041): Inferred latch for "diff[18]" at camerainterface.vhd(245)
Info (10041): Inferred latch for "diff[19]" at camerainterface.vhd(245)
Info (10041): Inferred latch for "diff[20]" at camerainterface.vhd(245)
Info (10041): Inferred latch for "diff[21]" at camerainterface.vhd(245)
Info (10041): Inferred latch for "diff[22]" at camerainterface.vhd(245)
Info (10041): Inferred latch for "diff[23]" at camerainterface.vhd(245)
Info (10041): Inferred latch for "diff[24]" at camerainterface.vhd(245)
Info (10041): Inferred latch for "diff[25]" at camerainterface.vhd(245)
Info (10041): Inferred latch for "diff[26]" at camerainterface.vhd(245)
Info (10041): Inferred latch for "diff[27]" at camerainterface.vhd(245)
Info (10041): Inferred latch for "diff[28]" at camerainterface.vhd(245)
Info (10041): Inferred latch for "diff[29]" at camerainterface.vhd(245)
Info (10041): Inferred latch for "diff[30]" at camerainterface.vhd(245)
Info (10041): Inferred latch for "fpixel[0]" at camerainterface.vhd(245)
Info (10041): Inferred latch for "fpixel[1]" at camerainterface.vhd(245)
Info (10041): Inferred latch for "fpixel[2]" at camerainterface.vhd(245)
Info (10041): Inferred latch for "fpixel[3]" at camerainterface.vhd(245)
Info (10041): Inferred latch for "fpixel[4]" at camerainterface.vhd(245)
Info (10041): Inferred latch for "fpixel[5]" at camerainterface.vhd(245)
Info (10041): Inferred latch for "fpixel[6]" at camerainterface.vhd(245)
Info (10041): Inferred latch for "fpixel[7]" at camerainterface.vhd(245)
Info (10041): Inferred latch for "fpixel[8]" at camerainterface.vhd(245)
Info (10041): Inferred latch for "fpixel[9]" at camerainterface.vhd(245)
Info (10041): Inferred latch for "fpixel[10]" at camerainterface.vhd(245)
Info (10041): Inferred latch for "fpixel[11]" at camerainterface.vhd(245)
Info (10041): Inferred latch for "fpixel[12]" at camerainterface.vhd(245)
Info (10041): Inferred latch for "fpixel[13]" at camerainterface.vhd(245)
Info (10041): Inferred latch for "fpixel[14]" at camerainterface.vhd(245)
Info (10041): Inferred latch for "fpixel[15]" at camerainterface.vhd(245)
Info (10041): Inferred latch for "fpixel[16]" at camerainterface.vhd(245)
Info (10041): Inferred latch for "fpixel[17]" at camerainterface.vhd(245)
Info (10041): Inferred latch for "fpixel[18]" at camerainterface.vhd(245)
Info (10041): Inferred latch for "fpixel[19]" at camerainterface.vhd(245)
Info (10041): Inferred latch for "fpixel[20]" at camerainterface.vhd(245)
Info (10041): Inferred latch for "fpixel[21]" at camerainterface.vhd(245)
Info (10041): Inferred latch for "fpixel[22]" at camerainterface.vhd(245)
Info (10041): Inferred latch for "fpixel[23]" at camerainterface.vhd(245)
Info (10041): Inferred latch for "fpixel[24]" at camerainterface.vhd(245)
Info (10041): Inferred latch for "fpixel[25]" at camerainterface.vhd(245)
Info (10041): Inferred latch for "fpixel[26]" at camerainterface.vhd(245)
Info (10041): Inferred latch for "fpixel[27]" at camerainterface.vhd(245)
Info (10041): Inferred latch for "fpixel[28]" at camerainterface.vhd(245)
Info (10041): Inferred latch for "fpixel[29]" at camerainterface.vhd(245)
Info (10041): Inferred latch for "fpixel[30]" at camerainterface.vhd(245)
Info (10041): Inferred latch for "bpixel[0]" at camerainterface.vhd(245)
Info (10041): Inferred latch for "bpixel[1]" at camerainterface.vhd(245)
Info (10041): Inferred latch for "bpixel[2]" at camerainterface.vhd(245)
Info (10041): Inferred latch for "bpixel[3]" at camerainterface.vhd(245)
Info (10041): Inferred latch for "bpixel[4]" at camerainterface.vhd(245)
Info (10041): Inferred latch for "bpixel[5]" at camerainterface.vhd(245)
Info (10041): Inferred latch for "bpixel[6]" at camerainterface.vhd(245)
Info (10041): Inferred latch for "bpixel[7]" at camerainterface.vhd(245)
Info (10041): Inferred latch for "bpixel[8]" at camerainterface.vhd(245)
Info (10041): Inferred latch for "bpixel[9]" at camerainterface.vhd(245)
Info (10041): Inferred latch for "bpixel[10]" at camerainterface.vhd(245)
Info (10041): Inferred latch for "bpixel[11]" at camerainterface.vhd(245)
Info (10041): Inferred latch for "bpixel[12]" at camerainterface.vhd(245)
Info (10041): Inferred latch for "bpixel[13]" at camerainterface.vhd(245)
Info (10041): Inferred latch for "bpixel[14]" at camerainterface.vhd(245)
Info (10041): Inferred latch for "bpixel[15]" at camerainterface.vhd(245)
Info (10041): Inferred latch for "bpixel[16]" at camerainterface.vhd(245)
Info (10041): Inferred latch for "bpixel[17]" at camerainterface.vhd(245)
Info (10041): Inferred latch for "bpixel[18]" at camerainterface.vhd(245)
Info (10041): Inferred latch for "bpixel[19]" at camerainterface.vhd(245)
Info (10041): Inferred latch for "bpixel[20]" at camerainterface.vhd(245)
Info (10041): Inferred latch for "bpixel[21]" at camerainterface.vhd(245)
Info (10041): Inferred latch for "bpixel[22]" at camerainterface.vhd(245)
Info (10041): Inferred latch for "bpixel[23]" at camerainterface.vhd(245)
Info (10041): Inferred latch for "bpixel[24]" at camerainterface.vhd(245)
Info (10041): Inferred latch for "bpixel[25]" at camerainterface.vhd(245)
Info (10041): Inferred latch for "bpixel[26]" at camerainterface.vhd(245)
Info (10041): Inferred latch for "bpixel[27]" at camerainterface.vhd(245)
Info (10041): Inferred latch for "bpixel[28]" at camerainterface.vhd(245)
Info (10041): Inferred latch for "bpixel[29]" at camerainterface.vhd(245)
Info (10041): Inferred latch for "bpixel[30]" at camerainterface.vhd(245)
Info (10041): Inferred latch for "SRAM_ADDR[0]" at camerainterface.vhd(245)
Info (10041): Inferred latch for "SRAM_ADDR[1]" at camerainterface.vhd(245)
Info (10041): Inferred latch for "SRAM_ADDR[2]" at camerainterface.vhd(245)
Info (10041): Inferred latch for "SRAM_ADDR[3]" at camerainterface.vhd(245)
Info (10041): Inferred latch for "SRAM_ADDR[4]" at camerainterface.vhd(245)
Info (10041): Inferred latch for "SRAM_ADDR[5]" at camerainterface.vhd(245)
Info (10041): Inferred latch for "SRAM_ADDR[6]" at camerainterface.vhd(245)
Info (10041): Inferred latch for "SRAM_ADDR[7]" at camerainterface.vhd(245)
Info (10041): Inferred latch for "SRAM_ADDR[8]" at camerainterface.vhd(245)
Info (10041): Inferred latch for "SRAM_ADDR[9]" at camerainterface.vhd(245)
Info (10041): Inferred latch for "SRAM_ADDR[10]" at camerainterface.vhd(245)
Info (10041): Inferred latch for "SRAM_ADDR[11]" at camerainterface.vhd(245)
Info (10041): Inferred latch for "SRAM_ADDR[12]" at camerainterface.vhd(245)
Info (10041): Inferred latch for "SRAM_ADDR[13]" at camerainterface.vhd(245)
Info (10041): Inferred latch for "SRAM_ADDR[14]" at camerainterface.vhd(245)
Info (10041): Inferred latch for "SRAM_ADDR[15]" at camerainterface.vhd(245)
Info (10041): Inferred latch for "SRAM_ADDR[16]" at camerainterface.vhd(245)
Info (10041): Inferred latch for "SRAM_ADDR[17]" at camerainterface.vhd(245)
Info (10041): Inferred latch for "SRAM_ADDR[18]" at camerainterface.vhd(245)
Info (10041): Inferred latch for "SRAM_ADDR[19]" at camerainterface.vhd(245)
Warning (10665): Bidirectional port "GPIO[11]" at camerainterface.vhd(9) has a one-way connection to bidirectional port "GPIO[12]"
Info (12128): Elaborating entity "leddcd" for hierarchy "leddcd:hex0decoder"
Info (12128): Elaborating entity "cam" for hierarchy "cam:cam_instance"
Info (12128): Elaborating entity "VGA_SYNC" for hierarchy "VGA_SYNC:vga_sync_instance"
Info (12128): Elaborating entity "camstatemachine" for hierarchy "camstatemachine:camstatemachine_instance"
Warning (10492): VHDL Process Statement warning at camstatemachine.vhd(113): signal "backgroundsubtraction_eof" is read inside the Process Statement but isn't in the Process Statement's sensitivity list
Warning (10631): VHDL Process Statement warning at camstatemachine.vhd(37): inferring latch(es) for signal or variable "image_select", which holds its previous value in one or more paths through the process
Info (10041): Inferred latch for "image_select" at camstatemachine.vhd(37)
Warning (14026): LATCH primitive "SRAM_ADDR[0]$latch" is permanently enabled
Warning (14026): LATCH primitive "SRAM_ADDR[1]$latch" is permanently enabled
Warning (14026): LATCH primitive "SRAM_ADDR[2]$latch" is permanently enabled
Warning (14026): LATCH primitive "SRAM_ADDR[3]$latch" is permanently enabled
Warning (14026): LATCH primitive "SRAM_ADDR[4]$latch" is permanently enabled
Warning (14026): LATCH primitive "SRAM_ADDR[5]$latch" is permanently enabled
Warning (14026): LATCH primitive "SRAM_ADDR[6]$latch" is permanently enabled
Warning (14026): LATCH primitive "SRAM_ADDR[7]$latch" is permanently enabled
Warning (14026): LATCH primitive "SRAM_ADDR[8]$latch" is permanently enabled
Warning (14026): LATCH primitive "SRAM_ADDR[9]$latch" is permanently enabled
Warning (14026): LATCH primitive "SRAM_ADDR[10]$latch" is permanently enabled
Warning (14026): LATCH primitive "SRAM_ADDR[11]$latch" is permanently enabled
Warning (14026): LATCH primitive "SRAM_ADDR[12]$latch" is permanently enabled
Warning (14026): LATCH primitive "SRAM_ADDR[13]$latch" is permanently enabled
Warning (14026): LATCH primitive "SRAM_ADDR[14]$latch" is permanently enabled
Warning (14026): LATCH primitive "SRAM_ADDR[15]$latch" is permanently enabled
Warning (14026): LATCH primitive "SRAM_ADDR[16]$latch" is permanently enabled
Warning (14026): LATCH primitive "SRAM_ADDR[17]$latch" is permanently enabled
Warning (14026): LATCH primitive "SRAM_ADDR[18]$latch" is permanently enabled
Warning (14026): LATCH primitive "SRAM_ADDR[19]$latch" is permanently enabled
Warning (14026): LATCH primitive "VGA_R[0]$latch" is permanently enabled
Warning (14026): LATCH primitive "VGA_R[1]$latch" is permanently enabled
Warning (14026): LATCH primitive "VGA_R[2]$latch" is permanently enabled
Warning (14026): LATCH primitive "VGA_R[3]$latch" is permanently enabled
Warning (14026): LATCH primitive "VGA_R[4]$latch" is permanently enabled
Warning (14026): LATCH primitive "VGA_R[5]$latch" is permanently enabled
Warning (14026): LATCH primitive "VGA_R[6]$latch" is permanently enabled
Warning (14026): LATCH primitive "VGA_R[7]$latch" is permanently enabled
Warning (14026): LATCH primitive "VGA_G[0]$latch" is permanently enabled
Warning (14026): LATCH primitive "VGA_G[1]$latch" is permanently enabled
Warning (14026): LATCH primitive "VGA_G[2]$latch" is permanently enabled
Warning (14026): LATCH primitive "VGA_G[3]$latch" is permanently enabled
Warning (14026): LATCH primitive "VGA_G[4]$latch" is permanently enabled
Warning (14026): LATCH primitive "VGA_G[5]$latch" is permanently enabled
Warning (14026): LATCH primitive "VGA_G[6]$latch" is permanently enabled
Warning (14026): LATCH primitive "VGA_G[7]$latch" is permanently enabled
Warning (14026): LATCH primitive "VGA_B[0]$latch" is permanently enabled
Warning (14026): LATCH primitive "VGA_B[1]$latch" is permanently enabled
Warning (14026): LATCH primitive "VGA_B[2]$latch" is permanently enabled
Warning (14026): LATCH primitive "VGA_B[3]$latch" is permanently enabled
Warning (14026): LATCH primitive "VGA_B[4]$latch" is permanently enabled
Warning (14026): LATCH primitive "VGA_B[5]$latch" is permanently enabled
Warning (14026): LATCH primitive "VGA_B[6]$latch" is permanently enabled
Warning (14026): LATCH primitive "VGA_B[7]$latch" is permanently enabled
Warning (14026): LATCH primitive "VGA_R[0]$latch" is permanently enabled
Warning (14026): LATCH primitive "VGA_R[1]$latch" is permanently enabled
Warning (14026): LATCH primitive "VGA_R[2]$latch" is permanently enabled
Warning (14026): LATCH primitive "VGA_R[3]$latch" is permanently enabled
Warning (14026): LATCH primitive "VGA_R[4]$latch" is permanently enabled
Warning (14026): LATCH primitive "VGA_R[5]$latch" is permanently enabled
Warning (14026): LATCH primitive "VGA_R[6]$latch" is permanently enabled
Warning (14026): LATCH primitive "VGA_R[7]$latch" is permanently enabled
Warning (14026): LATCH primitive "VGA_G[0]$latch" is permanently enabled
Warning (14026): LATCH primitive "VGA_G[1]$latch" is permanently enabled
Warning (14026): LATCH primitive "VGA_G[2]$latch" is permanently enabled
Warning (14026): LATCH primitive "VGA_G[3]$latch" is permanently enabled
Warning (14026): LATCH primitive "VGA_G[4]$latch" is permanently enabled
Warning (14026): LATCH primitive "VGA_G[5]$latch" is permanently enabled
Warning (14026): LATCH primitive "VGA_G[6]$latch" is permanently enabled
Warning (14026): LATCH primitive "VGA_G[7]$latch" is permanently enabled
Warning (14026): LATCH primitive "VGA_B[0]$latch" is permanently enabled
Warning (14026): LATCH primitive "VGA_B[1]$latch" is permanently enabled
Warning (14026): LATCH primitive "VGA_B[2]$latch" is permanently enabled
Warning (14026): LATCH primitive "VGA_B[3]$latch" is permanently enabled
Warning (14026): LATCH primitive "VGA_B[4]$latch" is permanently enabled
Warning (14026): LATCH primitive "VGA_B[5]$latch" is permanently enabled
Warning (14026): LATCH primitive "VGA_B[6]$latch" is permanently enabled
Warning (14026): LATCH primitive "VGA_B[7]$latch" is permanently enabled
Warning (13034): The following nodes have both tri-state and non-tri-state drivers
    Warning (13035): Inserted always-enabled tri-state buffer between "GPIO[10]" and its non-tri-state driver.
Warning (13039): The following bidir pins have no drivers
    Warning (13040): Bidir "GPIO[0]" has no driver
    Warning (13040): Bidir "GPIO[1]" has no driver
    Warning (13040): Bidir "GPIO[2]" has no driver
    Warning (13040): Bidir "GPIO[3]" has no driver
    Warning (13040): Bidir "GPIO[4]" has no driver
    Warning (13040): Bidir "GPIO[5]" has no driver
    Warning (13040): Bidir "GPIO[6]" has no driver
    Warning (13040): Bidir "GPIO[7]" has no driver
    Warning (13040): Bidir "GPIO[8]" has no driver
    Warning (13040): Bidir "GPIO[9]" has no driver
    Warning (13040): Bidir "GPIO[11]" has no driver
    Warning (13040): Bidir "GPIO[13]" has no driver
    Warning (13040): Bidir "GPIO[14]" has no driver
    Warning (13040): Bidir "GPIO[15]" has no driver
    Warning (13040): Bidir "GPIO[16]" has no driver
    Warning (13040): Bidir "GPIO[17]" has no driver
    Warning (13040): Bidir "GPIO[18]" has no driver
    Warning (13040): Bidir "GPIO[19]" has no driver
    Warning (13040): Bidir "GPIO[20]" has no driver
    Warning (13040): Bidir "GPIO[21]" has no driver
    Warning (13040): Bidir "GPIO[22]" has no driver
    Warning (13040): Bidir "GPIO[23]" has no driver
    Warning (13040): Bidir "GPIO[24]" has no driver
    Warning (13040): Bidir "GPIO[25]" has no driver
    Warning (13040): Bidir "GPIO[26]" has no driver
    Warning (13040): Bidir "GPIO[27]" has no driver
    Warning (13040): Bidir "GPIO[28]" has no driver
    Warning (13040): Bidir "GPIO[29]" has no driver
    Warning (13040): Bidir "GPIO[30]" has no driver
    Warning (13040): Bidir "GPIO[31]" has no driver
    Warning (13040): Bidir "GPIO[32]" has no driver
    Warning (13040): Bidir "GPIO[33]" has no driver
    Warning (13040): Bidir "GPIO[34]" has no driver
Warning (13032): The following tri-state nodes are fed by constants
    Warning (13033): The pin "GPIO[35]" is fed by GND
Warning (13046): Tri-state node(s) do not directly drive top-level pin(s)
    Warning (13047): Converted the fan-out from the tri-state buffer "sram_data_out[8]" to the node "VGA_R" into an OR gate
    Warning (13047): Converted the fan-out from the tri-state buffer "sram_data_out[9]" to the node "VGA_R" into an OR gate
    Warning (13047): Converted the fan-out from the tri-state buffer "sram_data_out[10]" to the node "VGA_R" into an OR gate
    Warning (13047): Converted the fan-out from the tri-state buffer "sram_data_out[11]" to the node "VGA_R" into an OR gate
    Warning (13047): Converted the fan-out from the tri-state buffer "sram_data_out[12]" to the node "VGA_R" into an OR gate
    Warning (13047): Converted the fan-out from the tri-state buffer "sram_data_out[13]" to the node "VGA_R" into an OR gate
    Warning (13047): Converted the fan-out from the tri-state buffer "sram_data_out[14]" to the node "VGA_R" into an OR gate
    Warning (13047): Converted the fan-out from the tri-state buffer "sram_data_out[15]" to the node "VGA_R" into an OR gate
Info (13000): Registers with preset signals will power-up high
Info (13003): DEV_CLRn pin will set, and not reset, register with preset signal due to NOT Gate Push-Back
Warning (13009): TRI or OPNDRN buffers permanently enabled
    Warning (13010): Node "GPIO[10]~synth"
    Warning (13010): Node "cam_pixelclock~synth"
Warning (13024): Output pins are stuck at VCC or GND
    Warning (13410): Pin "VGA_SYNC_N" is stuck at GND
    Warning (13410): Pin "SRAM_CE_N" is stuck at GND
    Warning (13410): Pin "SRAM_LB_N" is stuck at GND
    Warning (13410): Pin "SRAM_UB_N" is stuck at GND
    Warning (13410): Pin "SRAM_OE_N" is stuck at GND
Info (286030): Timing-Driven Synthesis is running
Info (17049): 26 registers lost all their fanouts during netlist optimizations.
Info (16010): Generating hard_block partition "hard_block:auto_generated_inst"
    Info (16011): Adding 0 node(s), including 0 DDIO, 0 PLL, 0 transceiver and 0 LCELL
Warning (21074): Design contains 3 input pin(s) that do not drive logic
    Warning (15610): No output dependent on input pin "KEY[1]"
    Warning (15610): No output dependent on input pin "KEY[2]"
    Warning (15610): No output dependent on input pin "KEY[3]"
Info (21057): Implemented 473 device resources after synthesis - the final resource count might be different
    Info (21058): Implemented 5 input pins
    Info (21059): Implemented 110 output pins
    Info (21060): Implemented 52 bidirectional pins
    Info (21061): Implemented 306 logic cells
Info: Quartus II 32-bit Analysis & Synthesis was successful. 0 errors, 158 warnings
    Info: Peak virtual memory: 366 megabytes
    Info: Processing ended: Wed May 21 00:11:23 2014
    Info: Elapsed time: 00:00:14
    Info: Total CPU time (on all processors): 00:00:11


