------------------------------------------------------------
TimeQuest Timing Analyzer Summary
------------------------------------------------------------

Type  : Slow 1200mV 85C Model Setup 'KEY[0]'
Slack : -11.153
TNS   : -539.510

Type  : Slow 1200mV 85C Model Setup 'CLOCK_50'
Slack : -7.941
TNS   : -25.058

Type  : Slow 1200mV 85C Model Setup 'camera_clock~_Duplicate_2'
Slack : -3.507
TNS   : -104.290

Type  : Slow 1200mV 85C Model Setup 'GPIO[11]'
Slack : -2.223
TNS   : -47.314

Type  : Slow 1200mV 85C Model Setup 'GPIO[8]'
Slack : -2.034
TNS   : -38.563

Type  : Slow 1200mV 85C Model Setup 'GPIO[9]'
Slack : -0.616
TNS   : -5.980

Type  : Slow 1200mV 85C Model Hold 'KEY[0]'
Slack : -3.635
TNS   : -195.725

Type  : Slow 1200mV 85C Model Hold 'CLOCK_50'
Slack : -0.390
TNS   : -1.223

Type  : Slow 1200mV 85C Model Hold 'camera_clock~_Duplicate_2'
Slack : 0.448
TNS   : 0.000

Type  : Slow 1200mV 85C Model Hold 'GPIO[11]'
Slack : 0.480
TNS   : 0.000

Type  : Slow 1200mV 85C Model Hold 'GPIO[8]'
Slack : 0.497
TNS   : 0.000

Type  : Slow 1200mV 85C Model Hold 'GPIO[9]'
Slack : 0.621
TNS   : 0.000

Type  : Slow 1200mV 85C Model Recovery 'CLOCK_50'
Slack : -2.187
TNS   : -18.095

Type  : Slow 1200mV 85C Model Recovery 'GPIO[11]'
Slack : -0.138
TNS   : -2.263

Type  : Slow 1200mV 85C Model Recovery 'GPIO[8]'
Slack : 0.125
TNS   : 0.000

Type  : Slow 1200mV 85C Model Removal 'GPIO[8]'
Slack : -0.123
TNS   : -1.968

Type  : Slow 1200mV 85C Model Removal 'GPIO[11]'
Slack : 0.047
TNS   : 0.000

Type  : Slow 1200mV 85C Model Removal 'CLOCK_50'
Slack : 1.534
TNS   : 0.000

Type  : Slow 1200mV 85C Model Minimum Pulse Width 'GPIO[8]'
Slack : -3.481
TNS   : -51.065

Type  : Slow 1200mV 85C Model Minimum Pulse Width 'GPIO[11]'
Slack : -3.481
TNS   : -46.604

Type  : Slow 1200mV 85C Model Minimum Pulse Width 'GPIO[9]'
Slack : -3.481
TNS   : -27.273

Type  : Slow 1200mV 85C Model Minimum Pulse Width 'KEY[0]'
Slack : -3.000
TNS   : -171.373

Type  : Slow 1200mV 85C Model Minimum Pulse Width 'CLOCK_50'
Slack : -3.000
TNS   : -20.844

Type  : Slow 1200mV 85C Model Minimum Pulse Width 'camera_clock~_Duplicate_2'
Slack : -1.487
TNS   : -66.915

Type  : Slow 1200mV 0C Model Setup 'KEY[0]'
Slack : -9.837
TNS   : -491.370

Type  : Slow 1200mV 0C Model Setup 'CLOCK_50'
Slack : -7.055
TNS   : -21.568

Type  : Slow 1200mV 0C Model Setup 'camera_clock~_Duplicate_2'
Slack : -3.212
TNS   : -93.603

Type  : Slow 1200mV 0C Model Setup 'GPIO[11]'
Slack : -2.063
TNS   : -41.338

Type  : Slow 1200mV 0C Model Setup 'GPIO[8]'
Slack : -1.749
TNS   : -35.089

Type  : Slow 1200mV 0C Model Setup 'GPIO[9]'
Slack : -0.524
TNS   : -4.486

Type  : Slow 1200mV 0C Model Hold 'KEY[0]'
Slack : -3.509
TNS   : -188.665

Type  : Slow 1200mV 0C Model Hold 'CLOCK_50'
Slack : -0.186
TNS   : -0.433

Type  : Slow 1200mV 0C Model Hold 'camera_clock~_Duplicate_2'
Slack : 0.398
TNS   : 0.000

Type  : Slow 1200mV 0C Model Hold 'GPIO[11]'
Slack : 0.430
TNS   : 0.000

Type  : Slow 1200mV 0C Model Hold 'GPIO[8]'
Slack : 0.445
TNS   : 0.000

Type  : Slow 1200mV 0C Model Hold 'GPIO[9]'
Slack : 0.541
TNS   : 0.000

Type  : Slow 1200mV 0C Model Recovery 'CLOCK_50'
Slack : -1.854
TNS   : -15.561

Type  : Slow 1200mV 0C Model Recovery 'GPIO[11]'
Slack : 0.037
TNS   : 0.000

Type  : Slow 1200mV 0C Model Recovery 'GPIO[8]'
Slack : 0.237
TNS   : 0.000

Type  : Slow 1200mV 0C Model Removal 'GPIO[8]'
Slack : -0.127
TNS   : -2.032

Type  : Slow 1200mV 0C Model Removal 'GPIO[11]'
Slack : 0.026
TNS   : 0.000

Type  : Slow 1200mV 0C Model Removal 'CLOCK_50'
Slack : 1.555
TNS   : 0.000

Type  : Slow 1200mV 0C Model Minimum Pulse Width 'GPIO[8]'
Slack : -3.481
TNS   : -51.065

Type  : Slow 1200mV 0C Model Minimum Pulse Width 'GPIO[11]'
Slack : -3.481
TNS   : -46.604

Type  : Slow 1200mV 0C Model Minimum Pulse Width 'GPIO[9]'
Slack : -3.481
TNS   : -27.273

Type  : Slow 1200mV 0C Model Minimum Pulse Width 'KEY[0]'
Slack : -3.000
TNS   : -144.893

Type  : Slow 1200mV 0C Model Minimum Pulse Width 'CLOCK_50'
Slack : -3.000
TNS   : -20.849

Type  : Slow 1200mV 0C Model Minimum Pulse Width 'camera_clock~_Duplicate_2'
Slack : -1.487
TNS   : -66.915

Type  : Fast 1200mV 0C Model Setup 'KEY[0]'
Slack : -5.266
TNS   : -260.899

Type  : Fast 1200mV 0C Model Setup 'CLOCK_50'
Slack : -3.891
TNS   : -11.833

Type  : Fast 1200mV 0C Model Setup 'camera_clock~_Duplicate_2'
Slack : -0.951
TNS   : -20.083

Type  : Fast 1200mV 0C Model Setup 'GPIO[11]'
Slack : -0.759
TNS   : -8.309

Type  : Fast 1200mV 0C Model Setup 'GPIO[8]'
Slack : -0.310
TNS   : -1.560

Type  : Fast 1200mV 0C Model Setup 'GPIO[9]'
Slack : 0.307
TNS   : 0.000

Type  : Fast 1200mV 0C Model Hold 'KEY[0]'
Slack : -1.892
TNS   : -108.820

Type  : Fast 1200mV 0C Model Hold 'CLOCK_50'
Slack : -0.487
TNS   : -2.051

Type  : Fast 1200mV 0C Model Hold 'GPIO[8]'
Slack : 0.106
TNS   : 0.000

Type  : Fast 1200mV 0C Model Hold 'GPIO[11]'
Slack : 0.159
TNS   : 0.000

Type  : Fast 1200mV 0C Model Hold 'camera_clock~_Duplicate_2'
Slack : 0.181
TNS   : 0.000

Type  : Fast 1200mV 0C Model Hold 'GPIO[9]'
Slack : 0.207
TNS   : 0.000

Type  : Fast 1200mV 0C Model Recovery 'CLOCK_50'
Slack : -1.182
TNS   : -9.638

Type  : Fast 1200mV 0C Model Recovery 'GPIO[11]'
Slack : -0.440
TNS   : -8.993

Type  : Fast 1200mV 0C Model Recovery 'GPIO[8]'
Slack : -0.277
TNS   : -4.432

Type  : Fast 1200mV 0C Model Removal 'GPIO[8]'
Slack : -0.044
TNS   : -0.704

Type  : Fast 1200mV 0C Model Removal 'GPIO[11]'
Slack : -0.001
TNS   : -0.001

Type  : Fast 1200mV 0C Model Removal 'CLOCK_50'
Slack : 0.533
TNS   : 0.000

Type  : Fast 1200mV 0C Model Minimum Pulse Width 'KEY[0]'
Slack : -3.000
TNS   : -188.149

Type  : Fast 1200mV 0C Model Minimum Pulse Width 'GPIO[8]'
Slack : -3.000
TNS   : -47.127

Type  : Fast 1200mV 0C Model Minimum Pulse Width 'GPIO[11]'
Slack : -3.000
TNS   : -45.397

Type  : Fast 1200mV 0C Model Minimum Pulse Width 'GPIO[9]'
Slack : -3.000
TNS   : -25.147

Type  : Fast 1200mV 0C Model Minimum Pulse Width 'CLOCK_50'
Slack : -3.000
TNS   : -15.830

Type  : Fast 1200mV 0C Model Minimum Pulse Width 'camera_clock~_Duplicate_2'
Slack : -1.000
TNS   : -45.000

------------------------------------------------------------
